------------------------------------------------------------
Timing Analyzer Summary
------------------------------------------------------------

Type  : Slow 1100mV 85C Model Setup 'LED_Patterns:inst|button_conditioner:u1_button_conditioner|one_pulse:u2_one_pulse|current_state.S_PULSE_H'
Slack : -4.262
TNS   : -4.262

Type  : Slow 1100mV 85C Model Setup 'CLOCK_50'
Slack : -3.723
TNS   : -216.469

Type  : Slow 1100mV 85C Model Hold 'CLOCK_50'
Slack : 0.312
TNS   : 0.000

Type  : Slow 1100mV 85C Model Hold 'LED_Patterns:inst|button_conditioner:u1_button_conditioner|one_pulse:u2_one_pulse|current_state.S_PULSE_H'
Slack : 3.559
TNS   : 0.000

Type  : Slow 1100mV 85C Model Recovery 'CLOCK_50'
Slack : -0.762
TNS   : -5.318

Type  : Slow 1100mV 85C Model Removal 'CLOCK_50'
Slack : 0.791
TNS   : 0.000

Type  : Slow 1100mV 85C Model Minimum Pulse Width 'CLOCK_50'
Slack : -0.394
TNS   : -82.755

Type  : Slow 1100mV 85C Model Minimum Pulse Width 'LED_Patterns:inst|button_conditioner:u1_button_conditioner|one_pulse:u2_one_pulse|current_state.S_PULSE_H'
Slack : 0.414
TNS   : 0.000

Type  : Slow 1100mV 0C Model Setup 'LED_Patterns:inst|button_conditioner:u1_button_conditioner|one_pulse:u2_one_pulse|current_state.S_PULSE_H'
Slack : -4.340
TNS   : -4.340

Type  : Slow 1100mV 0C Model Setup 'CLOCK_50'
Slack : -3.623
TNS   : -209.000

Type  : Slow 1100mV 0C Model Hold 'CLOCK_50'
Slack : 0.084
TNS   : 0.000

Type  : Slow 1100mV 0C Model Hold 'LED_Patterns:inst|button_conditioner:u1_button_conditioner|one_pulse:u2_one_pulse|current_state.S_PULSE_H'
Slack : 3.598
TNS   : 0.000

Type  : Slow 1100mV 0C Model Recovery 'CLOCK_50'
Slack : -0.751
TNS   : -5.243

Type  : Slow 1100mV 0C Model Removal 'CLOCK_50'
Slack : 0.731
TNS   : 0.000

Type  : Slow 1100mV 0C Model Minimum Pulse Width 'CLOCK_50'
Slack : -0.394
TNS   : -74.911

Type  : Slow 1100mV 0C Model Minimum Pulse Width 'LED_Patterns:inst|button_conditioner:u1_button_conditioner|one_pulse:u2_one_pulse|current_state.S_PULSE_H'
Slack : 0.418
TNS   : 0.000

Type  : Fast 1100mV 85C Model Setup 'CLOCK_50'
Slack : -2.117
TNS   : -94.286

Type  : Fast 1100mV 85C Model Setup 'LED_Patterns:inst|button_conditioner:u1_button_conditioner|one_pulse:u2_one_pulse|current_state.S_PULSE_H'
Slack : -2.015
TNS   : -2.015

Type  : Fast 1100mV 85C Model Hold 'CLOCK_50'
Slack : 0.185
TNS   : 0.000

Type  : Fast 1100mV 85C Model Hold 'LED_Patterns:inst|button_conditioner:u1_button_conditioner|one_pulse:u2_one_pulse|current_state.S_PULSE_H'
Slack : 2.082
TNS   : 0.000

Type  : Fast 1100mV 85C Model Recovery 'CLOCK_50'
Slack : 0.056
TNS   : 0.000

Type  : Fast 1100mV 85C Model Removal 'CLOCK_50'
Slack : 0.449
TNS   : 0.000

Type  : Fast 1100mV 85C Model Minimum Pulse Width 'CLOCK_50'
Slack : -0.402
TNS   : -54.824

Type  : Fast 1100mV 85C Model Minimum Pulse Width 'LED_Patterns:inst|button_conditioner:u1_button_conditioner|one_pulse:u2_one_pulse|current_state.S_PULSE_H'
Slack : 0.457
TNS   : 0.000

Type  : Fast 1100mV 0C Model Setup 'LED_Patterns:inst|button_conditioner:u1_button_conditioner|one_pulse:u2_one_pulse|current_state.S_PULSE_H'
Slack : -1.931
TNS   : -1.931

Type  : Fast 1100mV 0C Model Setup 'CLOCK_50'
Slack : -1.636
TNS   : -79.231

Type  : Fast 1100mV 0C Model Hold 'CLOCK_50'
Slack : 0.166
TNS   : 0.000

Type  : Fast 1100mV 0C Model Hold 'LED_Patterns:inst|button_conditioner:u1_button_conditioner|one_pulse:u2_one_pulse|current_state.S_PULSE_H'
Slack : 2.021
TNS   : 0.000

Type  : Fast 1100mV 0C Model Recovery 'CLOCK_50'
Slack : 0.107
TNS   : 0.000

Type  : Fast 1100mV 0C Model Removal 'CLOCK_50'
Slack : 0.403
TNS   : 0.000

Type  : Fast 1100mV 0C Model Minimum Pulse Width 'CLOCK_50'
Slack : -0.440
TNS   : -65.771

Type  : Fast 1100mV 0C Model Minimum Pulse Width 'LED_Patterns:inst|button_conditioner:u1_button_conditioner|one_pulse:u2_one_pulse|current_state.S_PULSE_H'
Slack : 0.458
TNS   : 0.000

------------------------------------------------------------
