Partition Merge report for hello_world
Mon Jun 30 17:24:20 2025
Quartus Prime Version 24.1std.0 Build 1077 03/04/2025 SC Lite Edition


---------------------
; Table of Contents ;
---------------------
  1. Legal Notice
  2. Partition Merge Summary
  3. Partition Merge Netlist Types Used
  4. Connections to In-System Debugging Instance "auto_signaltap_0"
  5. Partition Merge Partition Statistics
  6. Partition Merge Partition Pin Processing
  7. Partition Merge Resource Usage Summary
  8. Partition Merge RAM Summary
  9. Partition Merge Messages



----------------
; Legal Notice ;
----------------
Copyright (C) 2025  Altera Corporation. All rights reserved.
Your use of Altera Corporation's design tools, logic functions 
and other software and tools, and any partner logic 
functions, and any output files from any of the foregoing 
(including device programming or simulation files), and any 
associated documentation or information are expressly subject 
to the terms and conditions of the Altera Program License 
Subscription Agreement, the Altera Quartus Prime License Agreement,
the Altera IP License Agreement, or other applicable license
agreement, including, without limitation, that your use is for
the sole purpose of programming logic devices manufactured by
Altera and sold by Altera or its authorized distributors.  Please
refer to the Altera Software License Subscription Agreements 
on the Quartus Prime software download page.



+-----------------------------------------------------------------------------------+
; Partition Merge Summary                                                           ;
+---------------------------------+-------------------------------------------------+
; Partition Merge Status          ; Successful - Mon Jun 30 17:24:20 2025           ;
; Quartus Prime Version           ; 24.1std.0 Build 1077 03/04/2025 SC Lite Edition ;
; Revision Name                   ; hello_world                                     ;
; Top-level Entity Name           ; TopLevelSchematic                               ;
; Family                          ; Cyclone V                                       ;
; Logic utilization (in ALMs)     ; N/A                                             ;
; Total registers                 ; 712                                             ;
; Total pins                      ; 16                                              ;
; Total virtual pins              ; 0                                               ;
; Total block memory bits         ; 22,528                                          ;
; Total DSP Blocks                ; 0                                               ;
; Total HSSI RX PCSs              ; 0                                               ;
; Total HSSI PMA RX Deserializers ; 0                                               ;
; Total HSSI TX PCSs              ; 0                                               ;
; Total HSSI PMA TX Serializers   ; 0                                               ;
; Total PLLs                      ; 0                                               ;
; Total DLLs                      ; 0                                               ;
+---------------------------------+-------------------------------------------------+


+-------------------------------------------------------------------------------------------------------------------------------+
; Partition Merge Netlist Types Used                                                                                            ;
+--------------------------------+----------------+-------------------+------------------------+--------------------------------+
; Partition Name                 ; Partition Type ; Netlist Type Used ; Netlist Type Requested ; Partition Contents             ;
+--------------------------------+----------------+-------------------+------------------------+--------------------------------+
; Top                            ; User-created   ; Source File       ; Source File            ;                                ;
; sld_hub:auto_hub               ; Auto-generated ; Post-Synthesis    ; Post-Synthesis         ; sld_hub:auto_hub               ;
; sld_signaltap:auto_signaltap_0 ; Auto-generated ; Post-Synthesis    ; Post-Synthesis         ; sld_signaltap:auto_signaltap_0 ;
; hard_block:auto_generated_inst ; Auto-generated ; Source File       ; Source File            ; hard_block:auto_generated_inst ;
+--------------------------------+----------------+-------------------+------------------------+--------------------------------+


+-------------------------------------------------------------------------------------------------------------------------------------------------------------------------------------------------------------------------------------------------------------------------------+
; Connections to In-System Debugging Instance "auto_signaltap_0"                                                                                                                                                                                                                ;
+------------------------------------------------------------------------+---------------+-----------+--------------------------------+-------------------+-----------------------------------------------------------------------------------------------------------+---------+
; Name                                                                   ; Type          ; Status    ; Partition Name                 ; Netlist Type Used ; Actual Connection                                                                                         ; Details ;
+------------------------------------------------------------------------+---------------+-----------+--------------------------------+-------------------+-----------------------------------------------------------------------------------------------------------+---------+
; LED_Patterns:inst|button_conditioner:u1_button_conditioner|counter[0]  ; pre-synthesis ; connected ; Top                            ; post-synthesis    ; LED_Patterns:inst|button_conditioner:u1_button_conditioner|counter[0]                                     ; N/A     ;
; LED_Patterns:inst|button_conditioner:u1_button_conditioner|counter[0]  ; pre-synthesis ; connected ; Top                            ; post-synthesis    ; LED_Patterns:inst|button_conditioner:u1_button_conditioner|counter[0]                                     ; N/A     ;
; LED_Patterns:inst|button_conditioner:u1_button_conditioner|counter[10] ; pre-synthesis ; connected ; Top                            ; post-synthesis    ; LED_Patterns:inst|button_conditioner:u1_button_conditioner|counter[10]                                    ; N/A     ;
; LED_Patterns:inst|button_conditioner:u1_button_conditioner|counter[10] ; pre-synthesis ; connected ; Top                            ; post-synthesis    ; LED_Patterns:inst|button_conditioner:u1_button_conditioner|counter[10]                                    ; N/A     ;
; LED_Patterns:inst|button_conditioner:u1_button_conditioner|counter[11] ; pre-synthesis ; connected ; Top                            ; post-synthesis    ; LED_Patterns:inst|button_conditioner:u1_button_conditioner|counter[11]                                    ; N/A     ;
; LED_Patterns:inst|button_conditioner:u1_button_conditioner|counter[11] ; pre-synthesis ; connected ; Top                            ; post-synthesis    ; LED_Patterns:inst|button_conditioner:u1_button_conditioner|counter[11]                                    ; N/A     ;
; LED_Patterns:inst|button_conditioner:u1_button_conditioner|counter[12] ; pre-synthesis ; connected ; Top                            ; post-synthesis    ; LED_Patterns:inst|button_conditioner:u1_button_conditioner|counter[12]                                    ; N/A     ;
; LED_Patterns:inst|button_conditioner:u1_button_conditioner|counter[12] ; pre-synthesis ; connected ; Top                            ; post-synthesis    ; LED_Patterns:inst|button_conditioner:u1_button_conditioner|counter[12]                                    ; N/A     ;
; LED_Patterns:inst|button_conditioner:u1_button_conditioner|counter[13] ; pre-synthesis ; connected ; Top                            ; post-synthesis    ; LED_Patterns:inst|button_conditioner:u1_button_conditioner|counter[13]                                    ; N/A     ;
; LED_Patterns:inst|button_conditioner:u1_button_conditioner|counter[13] ; pre-synthesis ; connected ; Top                            ; post-synthesis    ; LED_Patterns:inst|button_conditioner:u1_button_conditioner|counter[13]                                    ; N/A     ;
; LED_Patterns:inst|button_conditioner:u1_button_conditioner|counter[14] ; pre-synthesis ; connected ; Top                            ; post-synthesis    ; LED_Patterns:inst|button_conditioner:u1_button_conditioner|counter[14]                                    ; N/A     ;
; LED_Patterns:inst|button_conditioner:u1_button_conditioner|counter[14] ; pre-synthesis ; connected ; Top                            ; post-synthesis    ; LED_Patterns:inst|button_conditioner:u1_button_conditioner|counter[14]                                    ; N/A     ;
; LED_Patterns:inst|button_conditioner:u1_button_conditioner|counter[15] ; pre-synthesis ; connected ; Top                            ; post-synthesis    ; LED_Patterns:inst|button_conditioner:u1_button_conditioner|counter[15]                                    ; N/A     ;
; LED_Patterns:inst|button_conditioner:u1_button_conditioner|counter[15] ; pre-synthesis ; connected ; Top                            ; post-synthesis    ; LED_Patterns:inst|button_conditioner:u1_button_conditioner|counter[15]                                    ; N/A     ;
; LED_Patterns:inst|button_conditioner:u1_button_conditioner|counter[16] ; pre-synthesis ; connected ; Top                            ; post-synthesis    ; LED_Patterns:inst|button_conditioner:u1_button_conditioner|counter[16]                                    ; N/A     ;
; LED_Patterns:inst|button_conditioner:u1_button_conditioner|counter[16] ; pre-synthesis ; connected ; Top                            ; post-synthesis    ; LED_Patterns:inst|button_conditioner:u1_button_conditioner|counter[16]                                    ; N/A     ;
; LED_Patterns:inst|button_conditioner:u1_button_conditioner|counter[17] ; pre-synthesis ; connected ; Top                            ; post-synthesis    ; LED_Patterns:inst|button_conditioner:u1_button_conditioner|counter[17]                                    ; N/A     ;
; LED_Patterns:inst|button_conditioner:u1_button_conditioner|counter[17] ; pre-synthesis ; connected ; Top                            ; post-synthesis    ; LED_Patterns:inst|button_conditioner:u1_button_conditioner|counter[17]                                    ; N/A     ;
; LED_Patterns:inst|button_conditioner:u1_button_conditioner|counter[18] ; pre-synthesis ; connected ; Top                            ; post-synthesis    ; LED_Patterns:inst|button_conditioner:u1_button_conditioner|counter[18]                                    ; N/A     ;
; LED_Patterns:inst|button_conditioner:u1_button_conditioner|counter[18] ; pre-synthesis ; connected ; Top                            ; post-synthesis    ; LED_Patterns:inst|button_conditioner:u1_button_conditioner|counter[18]                                    ; N/A     ;
; LED_Patterns:inst|button_conditioner:u1_button_conditioner|counter[1]  ; pre-synthesis ; connected ; Top                            ; post-synthesis    ; LED_Patterns:inst|button_conditioner:u1_button_conditioner|counter[1]                                     ; N/A     ;
; LED_Patterns:inst|button_conditioner:u1_button_conditioner|counter[1]  ; pre-synthesis ; connected ; Top                            ; post-synthesis    ; LED_Patterns:inst|button_conditioner:u1_button_conditioner|counter[1]                                     ; N/A     ;
; LED_Patterns:inst|button_conditioner:u1_button_conditioner|counter[2]  ; pre-synthesis ; connected ; Top                            ; post-synthesis    ; LED_Patterns:inst|button_conditioner:u1_button_conditioner|counter[2]                                     ; N/A     ;
; LED_Patterns:inst|button_conditioner:u1_button_conditioner|counter[2]  ; pre-synthesis ; connected ; Top                            ; post-synthesis    ; LED_Patterns:inst|button_conditioner:u1_button_conditioner|counter[2]                                     ; N/A     ;
; LED_Patterns:inst|button_conditioner:u1_button_conditioner|counter[3]  ; pre-synthesis ; connected ; Top                            ; post-synthesis    ; LED_Patterns:inst|button_conditioner:u1_button_conditioner|counter[3]                                     ; N/A     ;
; LED_Patterns:inst|button_conditioner:u1_button_conditioner|counter[3]  ; pre-synthesis ; connected ; Top                            ; post-synthesis    ; LED_Patterns:inst|button_conditioner:u1_button_conditioner|counter[3]                                     ; N/A     ;
; LED_Patterns:inst|button_conditioner:u1_button_conditioner|counter[4]  ; pre-synthesis ; connected ; Top                            ; post-synthesis    ; LED_Patterns:inst|button_conditioner:u1_button_conditioner|counter[4]                                     ; N/A     ;
; LED_Patterns:inst|button_conditioner:u1_button_conditioner|counter[4]  ; pre-synthesis ; connected ; Top                            ; post-synthesis    ; LED_Patterns:inst|button_conditioner:u1_button_conditioner|counter[4]                                     ; N/A     ;
; LED_Patterns:inst|button_conditioner:u1_button_conditioner|counter[5]  ; pre-synthesis ; connected ; Top                            ; post-synthesis    ; LED_Patterns:inst|button_conditioner:u1_button_conditioner|counter[5]                                     ; N/A     ;
; LED_Patterns:inst|button_conditioner:u1_button_conditioner|counter[5]  ; pre-synthesis ; connected ; Top                            ; post-synthesis    ; LED_Patterns:inst|button_conditioner:u1_button_conditioner|counter[5]                                     ; N/A     ;
; LED_Patterns:inst|button_conditioner:u1_button_conditioner|counter[6]  ; pre-synthesis ; connected ; Top                            ; post-synthesis    ; LED_Patterns:inst|button_conditioner:u1_button_conditioner|counter[6]                                     ; N/A     ;
; LED_Patterns:inst|button_conditioner:u1_button_conditioner|counter[6]  ; pre-synthesis ; connected ; Top                            ; post-synthesis    ; LED_Patterns:inst|button_conditioner:u1_button_conditioner|counter[6]                                     ; N/A     ;
; LED_Patterns:inst|button_conditioner:u1_button_conditioner|counter[7]  ; pre-synthesis ; connected ; Top                            ; post-synthesis    ; LED_Patterns:inst|button_conditioner:u1_button_conditioner|counter[7]                                     ; N/A     ;
; LED_Patterns:inst|button_conditioner:u1_button_conditioner|counter[7]  ; pre-synthesis ; connected ; Top                            ; post-synthesis    ; LED_Patterns:inst|button_conditioner:u1_button_conditioner|counter[7]                                     ; N/A     ;
; LED_Patterns:inst|button_conditioner:u1_button_conditioner|counter[8]  ; pre-synthesis ; connected ; Top                            ; post-synthesis    ; LED_Patterns:inst|button_conditioner:u1_button_conditioner|counter[8]                                     ; N/A     ;
; LED_Patterns:inst|button_conditioner:u1_button_conditioner|counter[8]  ; pre-synthesis ; connected ; Top                            ; post-synthesis    ; LED_Patterns:inst|button_conditioner:u1_button_conditioner|counter[8]                                     ; N/A     ;
; LED_Patterns:inst|button_conditioner:u1_button_conditioner|counter[9]  ; pre-synthesis ; connected ; Top                            ; post-synthesis    ; LED_Patterns:inst|button_conditioner:u1_button_conditioner|counter[9]                                     ; N/A     ;
; LED_Patterns:inst|button_conditioner:u1_button_conditioner|counter[9]  ; pre-synthesis ; connected ; Top                            ; post-synthesis    ; LED_Patterns:inst|button_conditioner:u1_button_conditioner|counter[9]                                     ; N/A     ;
; PB                                                                     ; pre-synthesis ; connected ; Top                            ; post-synthesis    ; PB                                                                                                        ; N/A     ;
; PB                                                                     ; pre-synthesis ; connected ; Top                            ; post-synthesis    ; PB                                                                                                        ; N/A     ;
; reset                                                                  ; pre-synthesis ; connected ; Top                            ; post-synthesis    ; reset                                                                                                     ; N/A     ;
; reset                                                                  ; pre-synthesis ; connected ; Top                            ; post-synthesis    ; reset                                                                                                     ; N/A     ;
; CLOCK_50~inputCLKENA0                                                  ; post-fitting  ; connected ; Top                            ; post-synthesis    ; CLOCK_50                                                                                                  ; N/A     ;
; LEDR[0]                                                                ; post-fitting  ; connected ; Top                            ; post-synthesis    ; LED_Patterns:inst|button_conditioner:u1_button_conditioner|one_pulse:u2_one_pulse|current_state.S_PULSE_H ; N/A     ;
; LEDR[0]                                                                ; post-fitting  ; connected ; Top                            ; post-synthesis    ; LED_Patterns:inst|button_conditioner:u1_button_conditioner|one_pulse:u2_one_pulse|current_state.S_PULSE_H ; N/A     ;
; auto_signaltap_0|gnd                                                   ; post-fitting  ; connected ; sld_signaltap:auto_signaltap_0 ; post-synthesis    ; sld_signaltap:auto_signaltap_0|~GND                                                                       ; N/A     ;
; auto_signaltap_0|gnd                                                   ; post-fitting  ; connected ; sld_signaltap:auto_signaltap_0 ; post-synthesis    ; sld_signaltap:auto_signaltap_0|~GND                                                                       ; N/A     ;
; auto_signaltap_0|gnd                                                   ; post-fitting  ; connected ; sld_signaltap:auto_signaltap_0 ; post-synthesis    ; sld_signaltap:auto_signaltap_0|~GND                                                                       ; N/A     ;
; auto_signaltap_0|gnd                                                   ; post-fitting  ; connected ; sld_signaltap:auto_signaltap_0 ; post-synthesis    ; sld_signaltap:auto_signaltap_0|~GND                                                                       ; N/A     ;
; auto_signaltap_0|gnd                                                   ; post-fitting  ; connected ; sld_signaltap:auto_signaltap_0 ; post-synthesis    ; sld_signaltap:auto_signaltap_0|~GND                                                                       ; N/A     ;
; auto_signaltap_0|gnd                                                   ; post-fitting  ; connected ; sld_signaltap:auto_signaltap_0 ; post-synthesis    ; sld_signaltap:auto_signaltap_0|~GND                                                                       ; N/A     ;
; auto_signaltap_0|gnd                                                   ; post-fitting  ; connected ; sld_signaltap:auto_signaltap_0 ; post-synthesis    ; sld_signaltap:auto_signaltap_0|~GND                                                                       ; N/A     ;
; auto_signaltap_0|gnd                                                   ; post-fitting  ; connected ; sld_signaltap:auto_signaltap_0 ; post-synthesis    ; sld_signaltap:auto_signaltap_0|~GND                                                                       ; N/A     ;
; auto_signaltap_0|gnd                                                   ; post-fitting  ; connected ; sld_signaltap:auto_signaltap_0 ; post-synthesis    ; sld_signaltap:auto_signaltap_0|~GND                                                                       ; N/A     ;
; auto_signaltap_0|gnd                                                   ; post-fitting  ; connected ; sld_signaltap:auto_signaltap_0 ; post-synthesis    ; sld_signaltap:auto_signaltap_0|~GND                                                                       ; N/A     ;
; auto_signaltap_0|gnd                                                   ; post-fitting  ; connected ; sld_signaltap:auto_signaltap_0 ; post-synthesis    ; sld_signaltap:auto_signaltap_0|~GND                                                                       ; N/A     ;
; auto_signaltap_0|gnd                                                   ; post-fitting  ; connected ; sld_signaltap:auto_signaltap_0 ; post-synthesis    ; sld_signaltap:auto_signaltap_0|~GND                                                                       ; N/A     ;
; auto_signaltap_0|gnd                                                   ; post-fitting  ; connected ; sld_signaltap:auto_signaltap_0 ; post-synthesis    ; sld_signaltap:auto_signaltap_0|~GND                                                                       ; N/A     ;
; auto_signaltap_0|gnd                                                   ; post-fitting  ; connected ; sld_signaltap:auto_signaltap_0 ; post-synthesis    ; sld_signaltap:auto_signaltap_0|~GND                                                                       ; N/A     ;
; auto_signaltap_0|gnd                                                   ; post-fitting  ; connected ; sld_signaltap:auto_signaltap_0 ; post-synthesis    ; sld_signaltap:auto_signaltap_0|~GND                                                                       ; N/A     ;
; auto_signaltap_0|gnd                                                   ; post-fitting  ; connected ; sld_signaltap:auto_signaltap_0 ; post-synthesis    ; sld_signaltap:auto_signaltap_0|~GND                                                                       ; N/A     ;
; auto_signaltap_0|gnd                                                   ; post-fitting  ; connected ; sld_signaltap:auto_signaltap_0 ; post-synthesis    ; sld_signaltap:auto_signaltap_0|~GND                                                                       ; N/A     ;
; auto_signaltap_0|gnd                                                   ; post-fitting  ; connected ; sld_signaltap:auto_signaltap_0 ; post-synthesis    ; sld_signaltap:auto_signaltap_0|~GND                                                                       ; N/A     ;
; auto_signaltap_0|vcc                                                   ; post-fitting  ; connected ; sld_signaltap:auto_signaltap_0 ; post-synthesis    ; sld_signaltap:auto_signaltap_0|~VCC                                                                       ; N/A     ;
; auto_signaltap_0|vcc                                                   ; post-fitting  ; connected ; sld_signaltap:auto_signaltap_0 ; post-synthesis    ; sld_signaltap:auto_signaltap_0|~VCC                                                                       ; N/A     ;
; auto_signaltap_0|vcc                                                   ; post-fitting  ; connected ; sld_signaltap:auto_signaltap_0 ; post-synthesis    ; sld_signaltap:auto_signaltap_0|~VCC                                                                       ; N/A     ;
; auto_signaltap_0|vcc                                                   ; post-fitting  ; connected ; sld_signaltap:auto_signaltap_0 ; post-synthesis    ; sld_signaltap:auto_signaltap_0|~VCC                                                                       ; N/A     ;
; auto_signaltap_0|vcc                                                   ; post-fitting  ; connected ; sld_signaltap:auto_signaltap_0 ; post-synthesis    ; sld_signaltap:auto_signaltap_0|~VCC                                                                       ; N/A     ;
; auto_signaltap_0|vcc                                                   ; post-fitting  ; connected ; sld_signaltap:auto_signaltap_0 ; post-synthesis    ; sld_signaltap:auto_signaltap_0|~VCC                                                                       ; N/A     ;
; auto_signaltap_0|vcc                                                   ; post-fitting  ; connected ; sld_signaltap:auto_signaltap_0 ; post-synthesis    ; sld_signaltap:auto_signaltap_0|~VCC                                                                       ; N/A     ;
; auto_signaltap_0|vcc                                                   ; post-fitting  ; connected ; sld_signaltap:auto_signaltap_0 ; post-synthesis    ; sld_signaltap:auto_signaltap_0|~VCC                                                                       ; N/A     ;
; auto_signaltap_0|vcc                                                   ; post-fitting  ; connected ; sld_signaltap:auto_signaltap_0 ; post-synthesis    ; sld_signaltap:auto_signaltap_0|~VCC                                                                       ; N/A     ;
; auto_signaltap_0|vcc                                                   ; post-fitting  ; connected ; sld_signaltap:auto_signaltap_0 ; post-synthesis    ; sld_signaltap:auto_signaltap_0|~VCC                                                                       ; N/A     ;
; auto_signaltap_0|vcc                                                   ; post-fitting  ; connected ; sld_signaltap:auto_signaltap_0 ; post-synthesis    ; sld_signaltap:auto_signaltap_0|~VCC                                                                       ; N/A     ;
; auto_signaltap_0|vcc                                                   ; post-fitting  ; connected ; sld_signaltap:auto_signaltap_0 ; post-synthesis    ; sld_signaltap:auto_signaltap_0|~VCC                                                                       ; N/A     ;
; auto_signaltap_0|vcc                                                   ; post-fitting  ; connected ; sld_signaltap:auto_signaltap_0 ; post-synthesis    ; sld_signaltap:auto_signaltap_0|~VCC                                                                       ; N/A     ;
; auto_signaltap_0|vcc                                                   ; post-fitting  ; connected ; sld_signaltap:auto_signaltap_0 ; post-synthesis    ; sld_signaltap:auto_signaltap_0|~VCC                                                                       ; N/A     ;
+------------------------------------------------------------------------+---------------+-----------+--------------------------------+-------------------+-----------------------------------------------------------------------------------------------------------+---------+


+----------------------------------------------------------------------------------------------------------------------------------------+
; Partition Merge Partition Statistics                                                                                                   ;
+---------------------------------------------+-----+------------------+--------------------------------+--------------------------------+
; Statistic                                   ; Top ; sld_hub:auto_hub ; sld_signaltap:auto_signaltap_0 ; hard_block:auto_generated_inst ;
+---------------------------------------------+-----+------------------+--------------------------------+--------------------------------+
; Estimate of Logic utilization (ALMs needed) ; 16  ; 61               ; 328                            ; 0                              ;
;                                             ;     ;                  ;                                ;                                ;
; Combinational ALUT usage for logic          ; 29  ; 90               ; 255                            ; 0                              ;
;     -- 7 input functions                    ; 0   ; 1                ; 0                              ; 0                              ;
;     -- 6 input functions                    ; 3   ; 14               ; 65                             ; 0                              ;
;     -- 5 input functions                    ; 2   ; 22               ; 50                             ; 0                              ;
;     -- 4 input functions                    ; 3   ; 16               ; 21                             ; 0                              ;
;     -- <=3 input functions                  ; 21  ; 37               ; 119                            ; 0                              ;
; Memory ALUT usage                           ; 0   ; 0                ; 0                              ; 0                              ;
;     -- 64-address deep                      ; 0   ; 0                ; 0                              ; 0                              ;
;     -- 32-address deep                      ; 0   ; 0                ; 0                              ; 0                              ;
;                                             ;     ;                  ;                                ;                                ;
; Dedicated logic registers                   ; 28  ; 90               ; 594                            ; 0                              ;
;                                             ;     ;                  ;                                ;                                ;
;                                             ;     ;                  ;                                ;                                ;
; I/O pins                                    ; 16  ; 0                ; 0                              ; 0                              ;
; I/O registers                               ; 0   ; 0                ; 0                              ; 0                              ;
; Total block memory bits                     ; 0   ; 0                ; 22528                          ; 0                              ;
; Total block memory implementation bits      ; 0   ; 0                ; 0                              ; 0                              ;
; JTAG                                        ; 0   ; 0                ; 0                              ; 1                              ;
;                                             ;     ;                  ;                                ;                                ;
; Connections                                 ;     ;                  ;                                ;                                ;
;     -- Input Connections                    ; 0   ; 133              ; 966                            ; 1                              ;
;     -- Registered Input Connections         ; 0   ; 109              ; 663                            ; 0                              ;
;     -- Output Connections                   ; 375 ; 257              ; 34                             ; 434                            ;
;     -- Registered Output Connections        ; 40  ; 257              ; 0                              ; 0                              ;
;                                             ;     ;                  ;                                ;                                ;
; Internal Connections                        ;     ;                  ;                                ;                                ;
;     -- Total Connections                    ; 573 ; 899              ; 3606                           ; 443                            ;
;     -- Registered Connections               ; 101 ; 723              ; 2346                           ; 0                              ;
;                                             ;     ;                  ;                                ;                                ;
; External Connections                        ;     ;                  ;                                ;                                ;
;     -- Top                                  ; 0   ; 0                ; 375                            ; 0                              ;
;     -- sld_hub:auto_hub                     ; 0   ; 20               ; 248                            ; 122                            ;
;     -- sld_signaltap:auto_signaltap_0       ; 375 ; 248              ; 64                             ; 313                            ;
;     -- hard_block:auto_generated_inst       ; 0   ; 122              ; 313                            ; 0                              ;
;                                             ;     ;                  ;                                ;                                ;
; Partition Interface                         ;     ;                  ;                                ;                                ;
;     -- Input Ports                          ; 11  ; 45               ; 135                            ; 4                              ;
;     -- Output Ports                         ; 28  ; 62               ; 59                             ; 9                              ;
;     -- Bidir Ports                          ; 0   ; 0                ; 0                              ; 0                              ;
;                                             ;     ;                  ;                                ;                                ;
; Registered Ports                            ;     ;                  ;                                ;                                ;
;     -- Registered Input Ports               ; 0   ; 13               ; 49                             ; 0                              ;
;     -- Registered Output Ports              ; 0   ; 29               ; 45                             ; 0                              ;
;                                             ;     ;                  ;                                ;                                ;
; Port Connectivity                           ;     ;                  ;                                ;                                ;
;     -- Input Ports driven by GND            ; 0   ; 0                ; 18                             ; 0                              ;
;     -- Output Ports driven by GND           ; 0   ; 28               ; 2                              ; 0                              ;
;     -- Input Ports driven by VCC            ; 0   ; 0                ; 14                             ; 0                              ;
;     -- Output Ports driven by VCC           ; 0   ; 0                ; 1                              ; 0                              ;
;     -- Input Ports with no Source           ; 0   ; 25               ; 26                             ; 0                              ;
;     -- Output Ports with no Source          ; 0   ; 0                ; 0                              ; 0                              ;
;     -- Input Ports with no Fanout           ; 0   ; 30               ; 40                             ; 0                              ;
;     -- Output Ports with no Fanout          ; 0   ; 29               ; 47                             ; 0                              ;
+---------------------------------------------+-----+------------------+--------------------------------+--------------------------------+
Note: Resource usage numbers presented for Partitions containing post-synthesis logic are estimates.  For Partitions containing post-fit logic, resource usage numbers are accurate based on previous placement information.  Actual Fitter results may vary depending on current Fitter Preservation Level assignments.


+--------------------------------------------------------------------------------------------------------+
; Partition Merge Partition Pin Processing                                                               ;
+---------------------------------------------------+-----------+---------------+----------+-------------+
; Name                                              ; Partition ; Type          ; Location ; Status      ;
+---------------------------------------------------+-----------+---------------+----------+-------------+
; CLOCK_50                                          ; Top       ; Input Port    ; n/a      ;             ;
;     -- CLOCK_50                                   ; Top       ; Input Pad     ; Unplaced ; Synthesized ;
;     -- CLOCK_50~input                             ; Top       ; Input Buffer  ; Unplaced ; Synthesized ;
;                                                   ;           ;               ;          ;             ;
; HPS_LED_control                                   ; Top       ; Input Port    ; n/a      ;             ;
;     -- HPS_LED_control                            ; Top       ; Input Pad     ; Unplaced ; Synthesized ;
;     -- HPS_LED_control~input                      ; Top       ; Input Buffer  ; Unplaced ; Synthesized ;
;                                                   ;           ;               ;          ;             ;
; LEDR[0]                                           ; Top       ; Output Port   ; n/a      ;             ;
;     -- LEDR[0]                                    ; Top       ; Output Pad    ; Unplaced ; Synthesized ;
;     -- LEDR[0]~output                             ; Top       ; Output Buffer ; Unplaced ; Synthesized ;
;                                                   ;           ;               ;          ;             ;
; LEDR[1]                                           ; Top       ; Output Port   ; n/a      ;             ;
;     -- LEDR[1]                                    ; Top       ; Output Pad    ; Unplaced ; Synthesized ;
;     -- LEDR[1]~output                             ; Top       ; Output Buffer ; Unplaced ; Synthesized ;
;                                                   ;           ;               ;          ;             ;
; LEDR[2]                                           ; Top       ; Output Port   ; n/a      ;             ;
;     -- LEDR[2]                                    ; Top       ; Output Pad    ; Unplaced ; Synthesized ;
;     -- LEDR[2]~output                             ; Top       ; Output Buffer ; Unplaced ; Synthesized ;
;                                                   ;           ;               ;          ;             ;
; LEDR[3]                                           ; Top       ; Output Port   ; n/a      ;             ;
;     -- LEDR[3]                                    ; Top       ; Output Pad    ; Unplaced ; Synthesized ;
;     -- LEDR[3]~output                             ; Top       ; Output Buffer ; Unplaced ; Synthesized ;
;                                                   ;           ;               ;          ;             ;
; LEDR[4]                                           ; Top       ; Output Port   ; n/a      ;             ;
;     -- LEDR[4]                                    ; Top       ; Output Pad    ; Unplaced ; Synthesized ;
;     -- LEDR[4]~output                             ; Top       ; Output Buffer ; Unplaced ; Synthesized ;
;                                                   ;           ;               ;          ;             ;
; LEDR[5]                                           ; Top       ; Output Port   ; n/a      ;             ;
;     -- LEDR[5]                                    ; Top       ; Output Pad    ; Unplaced ; Synthesized ;
;     -- LEDR[5]~output                             ; Top       ; Output Buffer ; Unplaced ; Synthesized ;
;                                                   ;           ;               ;          ;             ;
; LEDR[6]                                           ; Top       ; Output Port   ; n/a      ;             ;
;     -- LEDR[6]                                    ; Top       ; Output Pad    ; Unplaced ; Synthesized ;
;     -- LEDR[6]~output                             ; Top       ; Output Buffer ; Unplaced ; Synthesized ;
;                                                   ;           ;               ;          ;             ;
; LEDR[7]                                           ; Top       ; Output Port   ; n/a      ;             ;
;     -- LEDR[7]                                    ; Top       ; Output Pad    ; Unplaced ; Synthesized ;
;     -- LEDR[7]~output                             ; Top       ; Output Buffer ; Unplaced ; Synthesized ;
;                                                   ;           ;               ;          ;             ;
; PB                                                ; Top       ; Input Port    ; n/a      ;             ;
;     -- PB                                         ; Top       ; Input Pad     ; Unplaced ; Synthesized ;
;     -- PB~input                                   ; Top       ; Input Buffer  ; Unplaced ; Synthesized ;
;                                                   ;           ;               ;          ;             ;
; SW[0]                                             ; Top       ; Input Port    ; n/a      ;             ;
;     -- SW[0]                                      ; Top       ; Input Pad     ; Unplaced ; Synthesized ;
;     -- SW[0]~input                                ; Top       ; Input Buffer  ; Unplaced ; Synthesized ;
;                                                   ;           ;               ;          ;             ;
; SW[1]                                             ; Top       ; Input Port    ; n/a      ;             ;
;     -- SW[1]                                      ; Top       ; Input Pad     ; Unplaced ; Synthesized ;
;     -- SW[1]~input                                ; Top       ; Input Buffer  ; Unplaced ; Synthesized ;
;                                                   ;           ;               ;          ;             ;
; SW[2]                                             ; Top       ; Input Port    ; n/a      ;             ;
;     -- SW[2]                                      ; Top       ; Input Pad     ; Unplaced ; Synthesized ;
;     -- SW[2]~input                                ; Top       ; Input Buffer  ; Unplaced ; Synthesized ;
;                                                   ;           ;               ;          ;             ;
; SW[3]                                             ; Top       ; Input Port    ; n/a      ;             ;
;     -- SW[3]                                      ; Top       ; Input Pad     ; Unplaced ; Synthesized ;
;     -- SW[3]~input                                ; Top       ; Input Buffer  ; Unplaced ; Synthesized ;
;                                                   ;           ;               ;          ;             ;
; altera_reserved_tck                               ; Top       ; Input Port    ; n/a      ;             ;
;     -- altera_reserved_tck                        ; Top       ; Input Pad     ; Unplaced ; Synthesized ;
;     -- altera_reserved_tck~input                  ; Top       ; Input Buffer  ; Unplaced ; Synthesized ;
;                                                   ;           ;               ;          ;             ;
; altera_reserved_tdi                               ; Top       ; Input Port    ; n/a      ;             ;
;     -- altera_reserved_tdi                        ; Top       ; Input Pad     ; Unplaced ; Synthesized ;
;     -- altera_reserved_tdi~input                  ; Top       ; Input Buffer  ; Unplaced ; Synthesized ;
;                                                   ;           ;               ;          ;             ;
; altera_reserved_tdo                               ; Top       ; Output Port   ; n/a      ;             ;
;     -- altera_reserved_tdo                        ; Top       ; Output Pad    ; Unplaced ; Synthesized ;
;     -- altera_reserved_tdo~output                 ; Top       ; Output Buffer ; Unplaced ; Synthesized ;
;                                                   ;           ;               ;          ;             ;
; altera_reserved_tms                               ; Top       ; Input Port    ; n/a      ;             ;
;     -- altera_reserved_tms                        ; Top       ; Input Pad     ; Unplaced ; Synthesized ;
;     -- altera_reserved_tms~input                  ; Top       ; Input Buffer  ; Unplaced ; Synthesized ;
;                                                   ;           ;               ;          ;             ;
; pre_syn.bp.inst_u1_button_conditioner_counter_0_  ; Top       ; Output Port   ; n/a      ;             ;
;                                                   ;           ;               ;          ;             ;
; pre_syn.bp.inst_u1_button_conditioner_counter_10_ ; Top       ; Output Port   ; n/a      ;             ;
;                                                   ;           ;               ;          ;             ;
; pre_syn.bp.inst_u1_button_conditioner_counter_11_ ; Top       ; Output Port   ; n/a      ;             ;
;                                                   ;           ;               ;          ;             ;
; pre_syn.bp.inst_u1_button_conditioner_counter_12_ ; Top       ; Output Port   ; n/a      ;             ;
;                                                   ;           ;               ;          ;             ;
; pre_syn.bp.inst_u1_button_conditioner_counter_13_ ; Top       ; Output Port   ; n/a      ;             ;
;                                                   ;           ;               ;          ;             ;
; pre_syn.bp.inst_u1_button_conditioner_counter_14_ ; Top       ; Output Port   ; n/a      ;             ;
;                                                   ;           ;               ;          ;             ;
; pre_syn.bp.inst_u1_button_conditioner_counter_15_ ; Top       ; Output Port   ; n/a      ;             ;
;                                                   ;           ;               ;          ;             ;
; pre_syn.bp.inst_u1_button_conditioner_counter_16_ ; Top       ; Output Port   ; n/a      ;             ;
;                                                   ;           ;               ;          ;             ;
; pre_syn.bp.inst_u1_button_conditioner_counter_17_ ; Top       ; Output Port   ; n/a      ;             ;
;                                                   ;           ;               ;          ;             ;
; pre_syn.bp.inst_u1_button_conditioner_counter_18_ ; Top       ; Output Port   ; n/a      ;             ;
;                                                   ;           ;               ;          ;             ;
; pre_syn.bp.inst_u1_button_conditioner_counter_1_  ; Top       ; Output Port   ; n/a      ;             ;
;                                                   ;           ;               ;          ;             ;
; pre_syn.bp.inst_u1_button_conditioner_counter_2_  ; Top       ; Output Port   ; n/a      ;             ;
;                                                   ;           ;               ;          ;             ;
; pre_syn.bp.inst_u1_button_conditioner_counter_3_  ; Top       ; Output Port   ; n/a      ;             ;
;                                                   ;           ;               ;          ;             ;
; pre_syn.bp.inst_u1_button_conditioner_counter_4_  ; Top       ; Output Port   ; n/a      ;             ;
;                                                   ;           ;               ;          ;             ;
; pre_syn.bp.inst_u1_button_conditioner_counter_5_  ; Top       ; Output Port   ; n/a      ;             ;
;                                                   ;           ;               ;          ;             ;
; pre_syn.bp.inst_u1_button_conditioner_counter_6_  ; Top       ; Output Port   ; n/a      ;             ;
;                                                   ;           ;               ;          ;             ;
; pre_syn.bp.inst_u1_button_conditioner_counter_7_  ; Top       ; Output Port   ; n/a      ;             ;
;                                                   ;           ;               ;          ;             ;
; pre_syn.bp.inst_u1_button_conditioner_counter_8_  ; Top       ; Output Port   ; n/a      ;             ;
;                                                   ;           ;               ;          ;             ;
; pre_syn.bp.inst_u1_button_conditioner_counter_9_  ; Top       ; Output Port   ; n/a      ;             ;
;                                                   ;           ;               ;          ;             ;
; reset                                             ; Top       ; Input Port    ; n/a      ;             ;
;     -- reset                                      ; Top       ; Input Pad     ; Unplaced ; Synthesized ;
;     -- reset~input                                ; Top       ; Input Buffer  ; Unplaced ; Synthesized ;
;                                                   ;           ;               ;          ;             ;
+---------------------------------------------------+-----------+---------------+----------+-------------+


+------------------------------------------------------------------------+
; Partition Merge Resource Usage Summary                                 ;
+---------------------------------------------+--------------------------+
; Resource                                    ; Usage                    ;
+---------------------------------------------+--------------------------+
; Estimate of Logic utilization (ALMs needed) ; 405                      ;
;                                             ;                          ;
; Combinational ALUT usage for logic          ; 374                      ;
;     -- 7 input functions                    ; 1                        ;
;     -- 6 input functions                    ; 82                       ;
;     -- 5 input functions                    ; 74                       ;
;     -- 4 input functions                    ; 40                       ;
;     -- <=3 input functions                  ; 177                      ;
;                                             ;                          ;
; Dedicated logic registers                   ; 712                      ;
;                                             ;                          ;
; I/O pins                                    ; 16                       ;
; Total MLAB memory bits                      ; 0                        ;
; Total block memory bits                     ; 22528                    ;
;                                             ;                          ;
; Total DSP Blocks                            ; 0                        ;
;                                             ;                          ;
; Maximum fan-out node                        ; altera_internal_jtag~TDO ;
; Maximum fan-out                             ; 423                      ;
; Total fan-out                               ; 4413                     ;
; Average fan-out                             ; 3.84                     ;
+---------------------------------------------+--------------------------+


+------------------------------------------------------------------------------------------------------------------------------------------------------------------------------------------------------------------------------------------------------------------------------------------------------------+
; Partition Merge RAM Summary                                                                                                                                                                                                                                                                                ;
+-------------------------------------------------------------------------------------------------------------------------------------------------------------------------------------------------------+------+------------------+--------------+--------------+--------------+--------------+-------+------+
; Name                                                                                                                                                                                                  ; Type ; Mode             ; Port A Depth ; Port A Width ; Port B Depth ; Port B Width ; Size  ; MIF  ;
+-------------------------------------------------------------------------------------------------------------------------------------------------------------------------------------------------------+------+------------------+--------------+--------------+--------------+--------------+-------+------+
; sld_signaltap:auto_signaltap_0|sld_signaltap_impl:sld_signaltap_body|sld_signaltap_implb:sld_signaltap_body|altsyncram:\stp_non_zero_ram_gen:stp_buffer_ram|altsyncram_qg84:auto_generated|ALTSYNCRAM ; AUTO ; Simple Dual Port ; 1024         ; 22           ; 1024         ; 22           ; 22528 ; None ;
+-------------------------------------------------------------------------------------------------------------------------------------------------------------------------------------------------------+------+------------------+--------------+--------------+--------------+--------------+-------+------+


+--------------------------+
; Partition Merge Messages ;
+--------------------------+
Info: *******************************************************************
Info: Running Quartus Prime Partition Merge
    Info: Version 24.1std.0 Build 1077 03/04/2025 SC Lite Edition
    Info: Processing started: Mon Jun 30 17:24:20 2025
Info: Command: quartus_cdb --read_settings_files=off --write_settings_files=off hello_world -c hello_world --merge=on
Warning (18236): Number of processors has not been specified which may cause overloading on shared machines.  Set the global assignment NUM_PARALLEL_PROCESSORS in your QSF to an appropriate value for best performance.
Info (35007): Using synthesis netlist for partition "Top"
Info (35007): Using synthesis netlist for partition "sld_hub:auto_hub"
Info (35007): Using synthesis netlist for partition "sld_signaltap:auto_signaltap_0"
Info (35024): Successfully connected in-system debug instance "auto_signaltap_0" to all 77 required data inputs, trigger inputs, acquisition clocks, and dynamic pins
Info (35002): Resolved and merged 3 partition(s)
Info (16010): Generating hard_block partition "hard_block:auto_generated_inst"
    Info (16011): Adding 9 node(s), including 0 DDIO, 0 PLL, 0 transceiver and 0 LCELL
Critical Warning (138067): Current license file does not support incremental compilation. The Quartus Prime software removes all the user-specified design partitions in the design automatically.
Warning (21074): Design contains 5 input pin(s) that do not drive logic
    Warning (15610): No output dependent on input pin "HPS_LED_control"
    Warning (15610): No output dependent on input pin "SW[3]"
    Warning (15610): No output dependent on input pin "SW[2]"
    Warning (15610): No output dependent on input pin "SW[1]"
    Warning (15610): No output dependent on input pin "SW[0]"
Info (21057): Implemented 913 device resources after synthesis - the final resource count might be different
    Info (21058): Implemented 11 input pins
    Info (21059): Implemented 9 output pins
    Info (21061): Implemented 870 logic cells
    Info (21064): Implemented 22 RAM segments
Info: Quartus Prime Partition Merge was successful. 0 errors, 8 warnings
    Info: Peak virtual memory: 4774 megabytes
    Info: Processing ended: Mon Jun 30 17:24:20 2025
    Info: Elapsed time: 00:00:00
    Info: Total CPU time (on all processors): 00:00:00


